5: five_lines.swift
4: four_lines.rb
3: three_lines.rb
