5: five_lines.swift
4: four_lines.zorb
3: three_lines.rb
