5: five_lines.rb
4: four_lines.rb
3: three_lines.rb
